# TLS secrets log file, generated by OpenSSL / Python
SERVER_HANDSHAKE_TRAFFIC_SECRET 5e07a5f4d7e41117d64706ad72efb511553efb0bb7dcf8bbd129a62b504dfdd6 9a75d9bf81a3c0cf5d8e32a670cc95716d3be096f21b621a6ebdb2f55581fe445ce24f7ca7d5e86fe0777c7e6eda666a
EXPORTER_SECRET 5e07a5f4d7e41117d64706ad72efb511553efb0bb7dcf8bbd129a62b504dfdd6 7a6779461f608f7d94327ce5589c4c3ee3d707480f6e3b83c824c6a9a02044ff6c825ba883969134eb802e050e041945
SERVER_TRAFFIC_SECRET_0 5e07a5f4d7e41117d64706ad72efb511553efb0bb7dcf8bbd129a62b504dfdd6 20b5063d20e05f775a55940c09dc02ea1f06e8669a3109002b0b6d50a9b6dbf092bc7b827eb35702c92a559625da14f0
CLIENT_HANDSHAKE_TRAFFIC_SECRET 5e07a5f4d7e41117d64706ad72efb511553efb0bb7dcf8bbd129a62b504dfdd6 0b2475f81fc66ae64417d08da3db41deb4001e37d67c164015835430b43cbbc571d61a7a05a94193f9b102f4eb401290
CLIENT_TRAFFIC_SECRET_0 5e07a5f4d7e41117d64706ad72efb511553efb0bb7dcf8bbd129a62b504dfdd6 271da1e765bab0ef9b0c84120a8956ab6eaa28c6f4c8dde55d275d8728d3ee8a8f3f123b1d5d21be6cc79f282d9ad7f7
# TLS secrets log file, generated by OpenSSL / Python
SERVER_HANDSHAKE_TRAFFIC_SECRET 22cea7b46973c61343c0a204755810f56d1d9649fe9830323918d8904364e299 66a232cb4964e8d3aa25c79b829a6fb92aa916637ed6372c017c8f77c7cc2751cc1e68f6395831f640d2ebe606566405
EXPORTER_SECRET 22cea7b46973c61343c0a204755810f56d1d9649fe9830323918d8904364e299 df20afb42e3bb927ccbf65d507baaf9c732e2651d65de57f12684d75b23d7c958e85598532504725c50375855014d14f
SERVER_TRAFFIC_SECRET_0 22cea7b46973c61343c0a204755810f56d1d9649fe9830323918d8904364e299 eb871823acf15f404e7627824f86614dfa1782dfdb7fbb1c06513231745902ef0d3ab694c3922f56baafebe657c64a4a
CLIENT_HANDSHAKE_TRAFFIC_SECRET 22cea7b46973c61343c0a204755810f56d1d9649fe9830323918d8904364e299 2b123b9ace4e378eac2361c8deb0ae5b2ad194ab24fdbf697de3f718d2ca3632133d3d6510a9c76e274b5bfb154e082a
CLIENT_TRAFFIC_SECRET_0 22cea7b46973c61343c0a204755810f56d1d9649fe9830323918d8904364e299 fcf878fdf3ea12672b655aca0b363a6d63c68abb3a71295a1bb2db6c0687d56119ded36c9b429e0119ab92439d8842c2
# TLS secrets log file, generated by OpenSSL / Python
SERVER_HANDSHAKE_TRAFFIC_SECRET a6d9584ab1f0425a357fe6a707af0c1af2c3fe20d3619140d104787dfb578adb b8f421f06599f87f32a4bf0a5dcc68cc9cab0cea5e0e4eaa853bf5e00adc668271a97f3b8491351fa0440823735186b7
EXPORTER_SECRET a6d9584ab1f0425a357fe6a707af0c1af2c3fe20d3619140d104787dfb578adb fa40e4a9501dac534c157140a303dd4b84e5ae4539286f3cf189f24fb80affa2589a25b9de29b645204ed4b3b94e86da
SERVER_TRAFFIC_SECRET_0 a6d9584ab1f0425a357fe6a707af0c1af2c3fe20d3619140d104787dfb578adb 6230c2bebed143257ca72d36ca12ee9469c5900a3d198c1536636b16bd960a00236db7a0c7b0331ea1a06a2d0c45adfb
CLIENT_HANDSHAKE_TRAFFIC_SECRET a6d9584ab1f0425a357fe6a707af0c1af2c3fe20d3619140d104787dfb578adb 6b43ab10fff6c04e73728c909fb92f4f9951fba23730f5d4d2ce829df06474c29c01edded38e10b4efc5c71b4a4eadb1
CLIENT_TRAFFIC_SECRET_0 a6d9584ab1f0425a357fe6a707af0c1af2c3fe20d3619140d104787dfb578adb 17364c09b1ff5654c1bf56d9825d6e5e7579925145a619ee1038ee2ae483df6cc516528a9355c583b083e5145214294b
# TLS secrets log file, generated by OpenSSL / Python
SERVER_HANDSHAKE_TRAFFIC_SECRET 7f8c83b9db2ea6617002126264fe03ff1b0844dd88e62ac0cf5d1900e3d104da 842c0190e0e8a39b873a4a342b75fc4565e9b74573e3ae8d92c5efd543abfcb1511a613db24a963fb3d69422a23ab956
EXPORTER_SECRET 7f8c83b9db2ea6617002126264fe03ff1b0844dd88e62ac0cf5d1900e3d104da 48172e9260f14fff4842813dd2438276f0a2d41fa9cf642739b797dece72cd5cd16921a7fa95253e14930e0d693f5ce7
SERVER_TRAFFIC_SECRET_0 7f8c83b9db2ea6617002126264fe03ff1b0844dd88e62ac0cf5d1900e3d104da 40d9061d769bf35bee4dc4b0ba2f79d22c4e57ffe59e0dc3e411e762cbde37a8e972408b25e0e624d8294ea79063f4c3
CLIENT_HANDSHAKE_TRAFFIC_SECRET 7f8c83b9db2ea6617002126264fe03ff1b0844dd88e62ac0cf5d1900e3d104da 79415d991076a54028126ac6d6ed238aa42f22563d075c75f0db73734453b489352c455be528488536d98a12ab71bb80
CLIENT_TRAFFIC_SECRET_0 7f8c83b9db2ea6617002126264fe03ff1b0844dd88e62ac0cf5d1900e3d104da af425366f27d4a4102394403d3aad2dc0cf36e33e5e8f1204de6ba3dd6fed8b0c247c7f4b80442dbf07289aabac16700
# TLS secrets log file, generated by OpenSSL / Python
SERVER_HANDSHAKE_TRAFFIC_SECRET 064ac03bd8c5d778db19516ebe0531eb760ab60bef184db8dc74b7a51be91e7a f8b384522b57f42b4b48c1553e8a2623394cd4baeee0256812de10400bbbed96c4bf1bf7db79fcb0e2a4d0f6680c7839
EXPORTER_SECRET 064ac03bd8c5d778db19516ebe0531eb760ab60bef184db8dc74b7a51be91e7a 61168cc60ed491a84be315b490d69500579162258ec3879b12ba595f75b38605bb6856f4b2d4d02e3f8556b620125be1
SERVER_TRAFFIC_SECRET_0 064ac03bd8c5d778db19516ebe0531eb760ab60bef184db8dc74b7a51be91e7a 61a69e1f88440b704a7b24ab672d490277150da1289857c2a046f758f2bdb9d91e4a3e784ab899dc5b0d48406c192348
CLIENT_HANDSHAKE_TRAFFIC_SECRET 064ac03bd8c5d778db19516ebe0531eb760ab60bef184db8dc74b7a51be91e7a 4546f7a1ce05c2ccae706dbd88376eba202361088d53bd6d8ef3996ba3edc1c79430f2fc72f46f2457481aa6a3146487
CLIENT_TRAFFIC_SECRET_0 064ac03bd8c5d778db19516ebe0531eb760ab60bef184db8dc74b7a51be91e7a 3738bb4e895b29b5340ed169209879e11df9655da4ac9566844b3d7e1cf824259b5c1c4b3c516762859625e494940605
# TLS secrets log file, generated by OpenSSL / Python
SERVER_HANDSHAKE_TRAFFIC_SECRET 92ad3f751b85ac9a9f68eda955b41aaa3f7f85fea0d538297d717455d2dcce39 e05fba04712ad08f90bbae8b6d57c123d48c7b4e3c0c95dea2596cb2bf1a0a273fbac44e85898ad4115321d7966d0a1a
EXPORTER_SECRET 92ad3f751b85ac9a9f68eda955b41aaa3f7f85fea0d538297d717455d2dcce39 1987d12d4770e1ad37cf90cc4c9b1524ea0cbfdfbc8055c389d7084c9e0584f4e5b91baf5a279908189402af2c2453a8
SERVER_TRAFFIC_SECRET_0 92ad3f751b85ac9a9f68eda955b41aaa3f7f85fea0d538297d717455d2dcce39 f2e8043ddb1674309daa6677e7b8ab034f7136ad2cae62deb439d6668d842aa02d3353cca772fc221679a35b994b0cf7
CLIENT_HANDSHAKE_TRAFFIC_SECRET 92ad3f751b85ac9a9f68eda955b41aaa3f7f85fea0d538297d717455d2dcce39 e7321999e1c79905ecb1ee7300b5b03101fe6eeccc68bdf71e52c1c54dfc7757e2c224ea81f1a17a8f62b8cf7795dd53
CLIENT_TRAFFIC_SECRET_0 92ad3f751b85ac9a9f68eda955b41aaa3f7f85fea0d538297d717455d2dcce39 e9cc225a2872835e39c0b03154306de16af74db65ecd748ce791f796484955c1727fbfcfe233069c7c348868f00456fc
# TLS secrets log file, generated by OpenSSL / Python
SERVER_HANDSHAKE_TRAFFIC_SECRET 12aae70eb807f23d03a8cb52316567f9cb1a78d6618a08088033ad393c1f770e fb9adbcf5e18ea318d64106fbc61deff12ffe014cf032abd6170fe82b2027730ea0c45ab8ead7bd33be968dba24be3a3
EXPORTER_SECRET 12aae70eb807f23d03a8cb52316567f9cb1a78d6618a08088033ad393c1f770e 7858f2472213c704b1657851de631224d6ad8e191206a579447fc703a14f16df800211b2898275fe476f49301ad4428c
SERVER_TRAFFIC_SECRET_0 12aae70eb807f23d03a8cb52316567f9cb1a78d6618a08088033ad393c1f770e e908bd721930da45aa39338e31e275022e02b1b0a53bd9ddcc526fcc7ac9d71c5c0e55b66de39a21fefefdd93f12173b
CLIENT_HANDSHAKE_TRAFFIC_SECRET 12aae70eb807f23d03a8cb52316567f9cb1a78d6618a08088033ad393c1f770e f4cf8ba86087b938d993096deb3467971569dc85469b798b76c2b0e0229f8acc230b7fb407223d3819bc3b4b137d718d
CLIENT_TRAFFIC_SECRET_0 12aae70eb807f23d03a8cb52316567f9cb1a78d6618a08088033ad393c1f770e eef7143e8c5b34696af5cfd0990ee16f8a2492327db19cf9e8e5c0bdf1e54c8a61cb66f18f186d4ccc12f279059406fa
# TLS secrets log file, generated by OpenSSL / Python
SERVER_HANDSHAKE_TRAFFIC_SECRET 4a4e19facb8de017bd4ea46a1edce42190fc5d25458e8a0269ea138c3c0e52e8 7cda7d61ea1c467f74f040086356aa8138e7e4399b02c9b2dc0597c5a31c8c792798b487b559dbee70d71ec3345498a0
EXPORTER_SECRET 4a4e19facb8de017bd4ea46a1edce42190fc5d25458e8a0269ea138c3c0e52e8 7be14121f6a61d353456956aae6d0cb82188ce6acca83aa30369295ae9b9cf4f8eeaa01a3942ffe69d69acb79e136d61
SERVER_TRAFFIC_SECRET_0 4a4e19facb8de017bd4ea46a1edce42190fc5d25458e8a0269ea138c3c0e52e8 7cfe89ed7725055f6ef4d4178711a36feb7e82809ccf5bc9ec9b25cdbd712c0ab90619471311d91736edff4f0d127947
CLIENT_HANDSHAKE_TRAFFIC_SECRET 4a4e19facb8de017bd4ea46a1edce42190fc5d25458e8a0269ea138c3c0e52e8 89a1f12e75c242f401ecbbe69c519512524a55590a0e59fa73bb31b3ff343d128e67e8ae7942ff4b13ecf5302849b2ad
CLIENT_TRAFFIC_SECRET_0 4a4e19facb8de017bd4ea46a1edce42190fc5d25458e8a0269ea138c3c0e52e8 8c1d683a3dd3537c92d928834076b6c4f0af6cba2f84d254b5e4e4f2298cdf586851643d977f157055b65dbbbeeea945
# TLS secrets log file, generated by OpenSSL / Python
SERVER_HANDSHAKE_TRAFFIC_SECRET 752567b930b698b32949e1d1adba3ace8709be6d047f0b3f05e003240dc61f46 b54aa4599cedbcb60059af80a97e1d3281d25b4b848b6a2586c77fd534e2f085ac39180bbce930dec712c31a3a5ed774
EXPORTER_SECRET 752567b930b698b32949e1d1adba3ace8709be6d047f0b3f05e003240dc61f46 d2efed559cc756118bc9648647dcc45d61e1ec2cee3e1f7711e07fda6d492872b1f6288d8e900339a115f8b462e18098
SERVER_TRAFFIC_SECRET_0 752567b930b698b32949e1d1adba3ace8709be6d047f0b3f05e003240dc61f46 f0636a05538d5818ac84c84a9e4b81b3f49a5b00d46f84dffca9d99944db9941a048bdcd8f0b710cdb2069f0d8add807
CLIENT_HANDSHAKE_TRAFFIC_SECRET 752567b930b698b32949e1d1adba3ace8709be6d047f0b3f05e003240dc61f46 0406f6e93cf35ba47df1018349d986b6e4dd5f7a0ec256f0951c184228ba0d4c843b0baf26c576fc8f40d7b41afb2fb9
CLIENT_TRAFFIC_SECRET_0 752567b930b698b32949e1d1adba3ace8709be6d047f0b3f05e003240dc61f46 263516296ff52af89e8a64867211ef20e91f650c787ac44630764ac80818f76daf46c1ba6338823a285ef3c2cedf17a2
